
> goldent-co-work@0.0.1 build
> node tools/generate-llms.js || true && vite build

